#
# There is insufficient memory for the Java Runtime Environment to continue.
# Native memory allocation (mmap) failed to map 536870912 bytes for G1 virtual space
# Possible reasons:
#   The system is out of physical RAM or swap space
#   The process is running with CompressedOops enabled, and the Java Heap may be blocking the growth of the native heap
# Possible solutions:
#   Reduce memory load on the system
#   Increase physical memory or swap space
#   Check if swap backing store is full
#   Decrease Java heap size (-Xmx/-Xms)
#   Decrease number of Java threads
#   Decrease Java thread stack sizes (-Xss)
#   Set larger code cache with -XX:ReservedCodeCacheSize=
#   JVM is running with Zero Based Compressed Oops mode in which the Java heap is
#     placed in the first 32GB address space. The Java Heap base address is the
#     maximum limit for the native heap growth. Please use -XX:HeapBaseMinAddress
#     to set the Java Heap base and to place the Java Heap above 32GB virtual address.
# This output file may be truncated or incomplete.
#
#  Out of Memory Error (os_windows.cpp:3825), pid=16800, tid=35672
#
# JRE version:  (17.0.10+1) (build )
# Java VM: OpenJDK 64-Bit Server VM (17.0.10+1-b1207.14, mixed mode, sharing, tiered, compressed oops, compressed class ptrs, g1 gc, windows-amd64)
# No core dump will be written. Minidumps are not enabled by default on client versions of Windows
#

---------------  S U M M A R Y ------------

Command Line: git4idea.http.GitAskPassApp Username for 'https://github.com': 

Host: AMD Ryzen 7 5700X 8-Core Processor             , 16 cores, 31G,  Windows 10 , 64 bit Build 19041 (10.0.19041.5198)
Time: Sat Jan 11 16:52:42 2025 Russia TZ 2 Standard Time elapsed time: 0.006954 seconds (0d 0h 0m 0s)

---------------  T H R E A D  ---------------

Current thread (0x000001eb4dc86c90):  JavaThread "Unknown thread" [_thread_in_vm, id=35672, stack(0x00000012cba00000,0x00000012cbb00000)]

Stack: [0x00000012cba00000,0x00000012cbb00000]
Native frames: (J=compiled Java code, j=interpreted, Vv=VM code, C=native code)
V  [jvm.dll+0x687989]
V  [jvm.dll+0x84116a]
V  [jvm.dll+0x842dae]
V  [jvm.dll+0x843413]
V  [jvm.dll+0x249ccf]
V  [jvm.dll+0x684759]
V  [jvm.dll+0x67900a]
V  [jvm.dll+0x30ab0b]
V  [jvm.dll+0x311fb6]
V  [jvm.dll+0x361d5e]
V  [jvm.dll+0x361f8f]
V  [jvm.dll+0x2e07f8]
V  [jvm.dll+0x2e1764]
V  [jvm.dll+0x811c31]
V  [jvm.dll+0x36fc11]
V  [jvm.dll+0x7f0666]
V  [jvm.dll+0x3f3daf]
V  [jvm.dll+0x3f5a41]
C  [jli.dll+0x528f]
C  [ucrtbase.dll+0x21bb2]
C  [KERNEL32.DLL+0x17374]
C  [ntdll.dll+0x4cc91]


---------------  P R O C E S S  ---------------

Threads class SMR info:
_java_thread_list=0x00007ff95bd4df58, length=0, elements={
}

Java Threads: ( => current thread )

Other Threads:
  0x000001eb4dd32a90 GCTaskThread "GC Thread#0" [stack: 0x00000012cbb00000,0x00000012cbc00000] [id=16948]
  0x000001eb73c78020 ConcurrentGCThread "G1 Main Marker" [stack: 0x00000012cbc00000,0x00000012cbd00000] [id=4260]
  0x000001eb73c78a40 ConcurrentGCThread "G1 Conc#0" [stack: 0x00000012cbd00000,0x00000012cbe00000] [id=31316]

[error occurred during error reporting (printing all threads), id 0xc0000005, EXCEPTION_ACCESS_VIOLATION (0xc0000005) at pc=0x00007ff95b5013c7]

VM state: not at safepoint (not fully initialized)

VM Mutex/Monitor currently owned by a thread:  ([mutex/lock_event])
[0x000001eb4dc824d0] Heap_lock - owner thread: 0x000001eb4dc86c90

Heap address: 0x0000000601c00000, size: 8164 MB, Compressed Oops mode: Zero based, Oop shift amount: 3

CDS archive(s) mapped at: [0x0000000000000000-0x0000000000000000-0x0000000000000000), size 0, SharedBaseAddress: 0x0000000800000000, ArchiveRelocationMode: 1.
Narrow klass base: 0x0000000000000000, Narrow klass shift: 0, Narrow klass range: 0x0

GC Precious Log:
<Empty>

Heap:
 garbage-first heap   total 0K, used 0K [0x0000000601c00000, 0x0000000800000000)
  region size 4096K, 0 young (0K), 0 survivors (0K)
 Metaspace       used 0K, committed 0K, reserved 0K
  class space    used 0K, committed 0K, reserved 0K

Heap Regions: E=young(eden), S=young(survivor), O=old, HS=humongous(starts), HC=humongous(continues), CS=collection set, F=free, OA=open archive, CA=closed archive, TAMS=top-at-mark-start (previous, next)

Card table byte_map: [0x000001eb61c80000,0x000001eb62c80000] _byte_map_base: 0x000001eb5ec72000

Marking Bits (Prev, Next): (CMBitMap*) 0x000001eb4dd330b0, (CMBitMap*) 0x000001eb4dd330f0
 Prev Bits: [0x000001eb63c80000, 0x000001eb6bc10000)
 Next Bits: [0x000001eb6bc10000, 0x000001eb73ba0000)

GC Heap History (0 events):
No events

Dll operation events (1 events):
Event: 0.004 Loaded shared library C:\Program Files\JetBrains\IntelliJ IDEA 2024.1.1\jbr\bin\java.dll

Deoptimization events (0 events):
No events

Classes unloaded (0 events):
No events

Classes redefined (0 events):
No events

Internal exceptions (0 events):
No events

VM Operations (0 events):
No events

Events (0 events):
No events


Dynamic libraries:
0x00007ff79d5d0000 - 0x00007ff79d5da000 	C:\Program Files\JetBrains\IntelliJ IDEA 2024.1.1\jbr\bin\java.exe
0x00007ff9d3630000 - 0x00007ff9d3828000 	C:\Windows\SYSTEM32\ntdll.dll
0x00007ff9d1a40000 - 0x00007ff9d1b02000 	C:\Windows\System32\KERNEL32.DLL
0x00007ff9d1100000 - 0x00007ff9d13fe000 	C:\Windows\System32\KERNELBASE.dll
0x00007ff9d0ea0000 - 0x00007ff9d0fa0000 	C:\Windows\System32\ucrtbase.dll
0x00007ff99e1b0000 - 0x00007ff99e1c7000 	C:\Program Files\JetBrains\IntelliJ IDEA 2024.1.1\jbr\bin\jli.dll
0x00007ff9a5a70000 - 0x00007ff9a5a8b000 	C:\Program Files\JetBrains\IntelliJ IDEA 2024.1.1\jbr\bin\VCRUNTIME140.dll
0x00007ff9d3150000 - 0x00007ff9d32ed000 	C:\Windows\System32\USER32.dll
0x00007ff9d1620000 - 0x00007ff9d1642000 	C:\Windows\System32\win32u.dll
0x00007ff9be360000 - 0x00007ff9be5fa000 	C:\Windows\WinSxS\amd64_microsoft.windows.common-controls_6595b64144ccf1df_6.0.19041.4355_none_60b8b9eb71f62e16\COMCTL32.dll
0x00007ff9d2e50000 - 0x00007ff9d2e7b000 	C:\Windows\System32\GDI32.dll
0x00007ff9d2fa0000 - 0x00007ff9d303e000 	C:\Windows\System32\msvcrt.dll
0x00007ff9d0d80000 - 0x00007ff9d0e97000 	C:\Windows\System32\gdi32full.dll
0x00007ff9d0ff0000 - 0x00007ff9d108d000 	C:\Windows\System32\msvcp_win.dll
0x00007ff9d3100000 - 0x00007ff9d312f000 	C:\Windows\System32\IMM32.DLL
0x00007ff9bd860000 - 0x00007ff9bd86c000 	C:\Program Files\JetBrains\IntelliJ IDEA 2024.1.1\jbr\bin\vcruntime140_1.dll
0x00007ff9689b0000 - 0x00007ff968a3d000 	C:\Program Files\JetBrains\IntelliJ IDEA 2024.1.1\jbr\bin\msvcp140.dll
0x00007ff95b210000 - 0x00007ff95be92000 	C:\Program Files\JetBrains\IntelliJ IDEA 2024.1.1\jbr\bin\server\jvm.dll
0x00007ff9d3040000 - 0x00007ff9d30f1000 	C:\Windows\System32\ADVAPI32.dll
0x00007ff9d34a0000 - 0x00007ff9d353f000 	C:\Windows\System32\sechost.dll
0x00007ff9d1d20000 - 0x00007ff9d1e43000 	C:\Windows\System32\RPCRT4.dll
0x00007ff9d1560000 - 0x00007ff9d1587000 	C:\Windows\System32\bcrypt.dll
0x00007ff9bff30000 - 0x00007ff9bff39000 	C:\Windows\SYSTEM32\WSOCK32.dll
0x00007ff9c7750000 - 0x00007ff9c7777000 	C:\Windows\SYSTEM32\WINMM.dll
0x00007ff9d0220000 - 0x00007ff9d026b000 	C:\Windows\SYSTEM32\POWRPROF.dll
0x00007ff9d1bd0000 - 0x00007ff9d1c3b000 	C:\Windows\System32\WS2_32.dll
0x00007ff9caf80000 - 0x00007ff9caf8a000 	C:\Windows\SYSTEM32\VERSION.dll
0x00007ff9d0090000 - 0x00007ff9d00a2000 	C:\Windows\SYSTEM32\UMPDC.dll
0x00007ff9ceb30000 - 0x00007ff9ceb42000 	C:\Windows\SYSTEM32\kernel.appcore.dll
0x00007ff9cd940000 - 0x00007ff9cd94a000 	C:\Program Files\JetBrains\IntelliJ IDEA 2024.1.1\jbr\bin\jimage.dll
0x00007ff9ca2f0000 - 0x00007ff9ca4d4000 	C:\Windows\SYSTEM32\DBGHELP.DLL
0x00007ff9c4af0000 - 0x00007ff9c4b24000 	C:\Windows\SYSTEM32\dbgcore.DLL
0x00007ff9d1590000 - 0x00007ff9d1612000 	C:\Windows\System32\bcryptPrimitives.dll
0x00007ff9962d0000 - 0x00007ff9962f5000 	C:\Program Files\JetBrains\IntelliJ IDEA 2024.1.1\jbr\bin\java.dll

dbghelp: loaded successfully - version: 4.0.5 - missing functions: none
symbol engine: initialized successfully - sym options: 0x614 - pdb path: .;C:\Program Files\JetBrains\IntelliJ IDEA 2024.1.1\jbr\bin;C:\Windows\SYSTEM32;C:\Windows\WinSxS\amd64_microsoft.windows.common-controls_6595b64144ccf1df_6.0.19041.4355_none_60b8b9eb71f62e16;C:\Program Files\JetBrains\IntelliJ IDEA 2024.1.1\jbr\bin\server

VM Arguments:
java_command: git4idea.http.GitAskPassApp Username for 'https://github.com': 
java_class_path (initial): C:/Program Files/JetBrains/IntelliJ IDEA 2024.1.1/plugins/vcs-git/lib/git4idea-rt.jar;C:/Program Files/JetBrains/IntelliJ IDEA 2024.1.1/lib/externalProcess-rt.jar
Launcher Type: SUN_STANDARD

[Global flags]
     intx CICompilerCount                          = 12                                        {product} {ergonomic}
     uint ConcGCThreads                            = 3                                         {product} {ergonomic}
     uint G1ConcRefinementThreads                  = 13                                        {product} {ergonomic}
   size_t G1HeapRegionSize                         = 4194304                                   {product} {ergonomic}
    uintx GCDrainStackTargetSize                   = 64                                        {product} {ergonomic}
   size_t InitialHeapSize                          = 536870912                                 {product} {ergonomic}
   size_t MarkStackSize                            = 4194304                                   {product} {ergonomic}
   size_t MaxHeapSize                              = 8560574464                                {product} {ergonomic}
   size_t MinHeapDeltaBytes                        = 4194304                                   {product} {ergonomic}
   size_t MinHeapSize                              = 8388608                                   {product} {ergonomic}
    uintx NonNMethodCodeHeapSize                   = 7602480                                {pd product} {ergonomic}
    uintx NonProfiledCodeHeapSize                  = 122027880                              {pd product} {ergonomic}
    uintx ProfiledCodeHeapSize                     = 122027880                              {pd product} {ergonomic}
    uintx ReservedCodeCacheSize                    = 251658240                              {pd product} {ergonomic}
     bool SegmentedCodeCache                       = true                                      {product} {ergonomic}
   size_t SoftMaxHeapSize                          = 8560574464                             {manageable} {ergonomic}
     bool UseCompressedClassPointers               = true                           {product lp64_product} {ergonomic}
     bool UseCompressedOops                        = true                           {product lp64_product} {ergonomic}
     bool UseG1GC                                  = true                                      {product} {ergonomic}
     bool UseLargePagesIndividualAllocation        = false                                  {pd product} {ergonomic}

Logging:
Log output configuration:
 #0: stdout all=warning uptime,level,tags
 #1: stderr all=off uptime,level,tags

Environment Variables:
JAVA_HOME=C:\Program Files\Java\jdk-17
CLASSPATH=C:\Program Files\Java\jdk1.8.0_301\bin
PATH=C:\Program Files\Git\mingw64\libexec\git-core;C:\Program Files\Git\mingw64\libexec\git-core;C:\Program Files\Git\mingw64\bin;C:\Program Files\Git\usr\bin;C:\Users\stanislav\bin;C:\Program Files\Common Files\Oracle\Java\javapath;C:\Program Files (x86)\Common Files\Oracle\Java\javapath;C:\Program Files\BellSoft\LibericaJDK-17-Full\bin;C:\Program Files (x86)\VMware\VMware Player\bin;C:\Program Files\Java\jdk1.8.0_301\bin;C:\Program Files\NVIDIA Corporation\NVIDIA NvDLISR;C:\Program Files (x86)\NVIDIA Corporation\PhysX\Common;C:\Program Files\WireGuard;C:\Program Files\dotnet;C:\ProgramData\chocolatey\bin;C:\Windows\system32;C:\Windows;C:\Windows\System32\Wbem;C:\Windows\System32\WindowsPowerShell\v1.0;C:\Windows\System32\OpenSSH;C:\Program Files\NASM;C:\Program Files\Golink;C:\Program Files\Microsoft SQL Server\150\Tools\Binn;C:\Program Files\nodejs;C:\Program Files\Docker\Docker\resources\bin;C:\programs\php;?C;C:\Program Files\Git\Program Files\PostgreSQL\17\bin\libpq.dll;C:\Program Files\MySQL\MySQL Shell 8.0\bin;C:\Users\stanislav\AppData\Local\Programs\Python\Python39\Scripts;C:\Users\stanislav\AppData\Local\Programs\Python\Python39;C:\Users\stanislav\AppData\Local\Microsoft\WindowsApps;C:\programs\FFmpeg\bin;C:\Users\stanislav\go\bin;C:\Users\stanislav\go\bin;C:\Users\stanislav\go;C:\Program Files\JetBrains\IntelliJ IDEA Community Edition 2023.3.4\bin;C:\programs\VS code\Microsoft VS Code\bin;C:\Users\stanislav\AppData\Local\GitHubDesktop\bin;C:\Users\stanislav\AppData\Local\Microsoft\WindowsApps;C:\Program Files\JetBrains\DataGrip 2020.1\bin;C:\Program Files\JetBrains\IntelliJ IDEA 2024.1.1\bin;C:\Program Files\JetBrains\WebStorm 2024.1.2\bin;C:\Users\stanislav\AppData\Roaming\npm;C:\Users\stanislav\.bun\bin;C:\Program Files\JetBrains\PyCharm 2024.1.1\bin
USERNAME=stanislav
DISPLAY=:0.0
LC_ALL=en_US.UTF-8
TERM=cygwin
TMPDIR=C:\Users\STANIS~1\AppData\Local\Temp
OS=Windows_NT
PROCESSOR_IDENTIFIER=AMD64 Family 25 Model 33 Stepping 2, AuthenticAMD
TMP=C:\Users\STANIS~1\AppData\Local\Temp
TEMP=C:\Users\STANIS~1\AppData\Local\Temp



Periodic native trim disabled

JNI global refs:
JNI global refs: 0, weak refs: 0

JNI global refs memory usage: 0, weak refs: 0

OOME stack traces (most recent first):
Classloader memory used:


---------------  S Y S T E M  ---------------

OS:
 Windows 10 , 64 bit Build 19041 (10.0.19041.5198)
OS uptime: 12 days 22:12 hours
Hyper-V role detected

CPU: total 16 (initial active 16) (16 cores per cpu, 2 threads per core) family 25 model 33 stepping 2 microcode 0x0, cx8, cmov, fxsr, ht, mmx, 3dnowpref, sse, sse2, sse3, ssse3, sse4a, sse4.1, sse4.2, popcnt, lzcnt, tsc, tscinvbit, avx, avx2, aes, erms, clmul, bmi1, bmi2, adx, sha, fma, vzeroupper, clflush, clflushopt, hv
Processor Information for all 16 processors :
  Max Mhz: 3401, Current Mhz: 3401, Mhz Limit: 3401

Memory: 4k page, system-wide physical 32654M (2621M free)
TotalPageFile size 62654M (AvailPageFile size 23M)
current process WorkingSet (physical memory assigned to process): 10M, peak: 10M
current process commit charge ("private bytes"): 71M, peak: 583M

vm_info: OpenJDK 64-Bit Server VM (17.0.10+1-b1207.14) for windows-amd64 JRE (17.0.10+1-b1207.14), built on 2024-04-05 by "builduser" with MS VC++ 16.10 / 16.11 (VS2019)

END.
